# Program
program_seed=0 # assign a program seed
program_auto_seed=true # true for assigning a random seed automatically
program_quiet=false # true for silencing the error message

# Actor
actor_num_simulation=800 # simulation number of MCTS
actor_mcts_puct_base=19652 # hyperparameter for puct_bias in the PUCT formula of MCTS, determining the level of exploration
actor_mcts_puct_init=1.25 # hyperparameter for puct_bias in the PUCT formula of MCTS
actor_mcts_reward_discount=1 # discount factor for calculating Q values
actor_mcts_value_rescale=false # true for games whose rewards are not bounded in [-1, 1], e.g., Atari games
actor_mcts_think_batch_size=1 # the MCTS selection batch size; only works when running console
actor_mcts_think_time_limit=0 # the MCTS time limit in seconds, 0 represents disabling time limit (only uses actor_num_simulation); only works when running console
actor_select_action_by_count=false # true for selecting the action by the maximum MCTS count; should not be true together with actor_select_action_by_softmax_count
actor_select_action_by_softmax_count=true # true for selecting the action by the propotion of MCTS count; should not be true together with actor_select_action_by_count
actor_select_action_softmax_temperature=1 # the softmax temperature when using actor_select_action_by_softmax_count
# true for decaying the temperature based on training iteration; set 1, 0.5, and 0.25 for 0%-50%, 50%-75%, and 75%-100% of total iterations, respectively
actor_select_action_softmax_temperature_decay=false
actor_use_random_rotation_features=true # true for randomly rotating input features; only supports in alphazero
actor_use_dirichlet_noise=true # true for adding dirchlet noise to the policy
actor_dirichlet_noise_alpha=0.03 # hyperparameter for dirchlet noise, usually (1 / sqrt(number of actions))
actor_dirichlet_noise_epsilon=0.25 # hyperparameter for dirchlet noise
actor_use_gumbel=false # true for enabling Gumbel Zero
actor_use_gumbel_noise=false # true for adding Gumbel noise to the policy
actor_gumbel_sample_size=16 # hyperparameter for Gumbel Zero; the number of sampled actions
actor_gumbel_sigma_visit_c=50 # hyperparameter for the monotonically increasing transformation sigma in Gumbel Zero
actor_gumbel_sigma_scale_c=1 # hyperparameter for the monotonically increasing transformation sigma in Gumbel Zero
actor_resign_threshold=-0.9 # the threshold determining when to resign in the actor
actor_select_action_by_ssa=false
actor_select_action_by_bt=false

# Zero
zero_num_threads=4 # the number of threads that the zero server uses for zero training
zero_num_parallel_games=32 # the number of games to be run in parallel for zero training
zero_server_port=9999 # the port number to host the server; workers should connect to this port number
zero_training_directory= # the output directory name for storing training results
zero_num_games_per_iteration=2000 # the nunmber of games to play in each iteration
zero_start_iteration=0 # the first iteration of training; usually 1 unless continuing with previous training
zero_end_iteration=100 # the last iteration of training
zero_replay_buffer=20 # hyperparameter for replay buffer; replay buffer stores (zero_replay_buffer x zero_num_games_per_iteration) games/sequences
zero_disable_resign_ratio=0.1 # the probability to keep playing when the winrate is below actor_resign_threshold
zero_actor_intermediate_sequence_length=0 # the max sequence length when running self-play; usually 0 (unlimited) for board games, 200 for atari games
zero_actor_ignored_command=reset_actors # the commands to ignore by the actor; format: command1 command2 ...
zero_server_accept_different_model_games=true # true for accepting self-play games generated by out-of-date model

# Learner
learner_use_per=false # true for enabling Prioritized Experience Replay
learner_per_alpha=1 # hyperparameter for PER that controlls the probability of sampling transition
learner_per_init_beta=1 # hyperparameter for PER that sets the initial beta value of linearly annealing
learner_per_beta_anneal=true # hyperparameter for PER that enables linearly anneal beta based on current training iteration
learner_training_step=160000 # the number of training steps for updating the model in each iteration
learner_training_display_step=100 # the training step interval to display training information
learner_batch_size=1792 # the batch size for training
learner_muzero_unrolling_step=5 # the number of steps to unroll for muzero training
learner_n_step_return=0 # the number of steps to calculate the n-step value; usually 0 for board games, 10 for atari games
learner_learning_rate=0.01 # hyperparameter for learning rate
learner_momentum=0.9 # hyperparameter for momentum
learner_weight_decay=0.0001 # hyperparameter for weight decay
learner_value_loss_scale=1 # hyperparameter for scaling of the value loss
learner_num_thread=8 # the number of threads for training

# Network
nn_file_name=/workspace/chess_bt_b32_r8_p7_20bx256-7e7ac9unpolluted/model/weight_iter_159500.pt # the file name of model weights
nn_num_blocks=20 # hyperparameter for the model; the number of the residual blocks
nn_num_hidden_channels=256 # hyperparameter for the model; the size of the hidden channels in residual blocks
nn_num_value_hidden_channels=256 # hyperparameter for the model; the size of the hidden channels in the value network
nn_type_name=bt # the type of training algorithm and network: alphazero/muzero

# Environment
env_board_size=8 # the size of board

# Strength
nn_rank_size=8
bt_num_batch_size=32 # batch size in bt training = bt_num_batch_size * bt_num_rank_per_batch * bt_num_position_per_rank
bt_num_rank_per_batch=8 # batch size in bt training = bt_num_batch_size * bt_num_rank_per_batch * bt_num_position_per_rank
bt_num_position_per_rank=7 # batch size in bt training = bt_num_batch_size * bt_num_rank_per_batch * bt_num_position_per_rank
bt_use_weight=false
bt_use_same_game_per_rank=true
bt_add_non_people=false # when training bt, add the non-people move to be the lowest rank
bt_use_win_chains=true # sample whole win-chains as BT examples (games.txt + chains.txt)
training_sgf_dir=training_sgf_chess_chain
testing_sgf_dir=query_sgf_chess
candidate_sgf_dir=candidate_sgf_chess
evaluator_mode=game_prediction # game_prediction/move_prediction
rank_mode=max_prob # max_prob/max_num
accuracy_mode=+/-0 # +/-0,+/-1,+1,-1
select_move=all_moves # all_moves/first_50_moves/last_50_moves/one_move_per_game
s_weight=2 # weight for puct value_s
nn_rank_min_elo=1000 # min elo
nn_rank_elo_interval=200 # size of elo interval

(Version: e8b9db-dirty)
[2026/09/19 09:08:05.218] Evaluator mode: game_prediction
[2026/09/19 09:08:05.218] Running candidate sgfs ...
[2026/09/19 09:08:05.218] Successfully loaded 1600 sgfs
[2026/09/19 09:08:11.315] 160 / 1600
[2026/09/19 09:08:13.910] 320 / 1600
[2026/09/19 09:08:16.440] 480 / 1600
[2026/09/19 09:08:19.030] 640 / 1600
[2026/09/19 09:08:21.449] 800 / 1600
[2026/09/19 09:08:23.898] 960 / 1600
[2026/09/19 09:08:26.396] 1120 / 1600
[2026/09/19 09:08:28.819] 1280 / 1600
[2026/09/19 09:08:31.190] 1440 / 1600
[2026/09/19 09:08:33.918] Calculating candidate strength ... 
[2026/09/19 09:08:33.918] Candidating strength: 
	0 -0.0759067
	1 0.0398193
	2 0.163224
	3 0.284535
	4 0.430555
	5 0.629663
	6 0.733875
	7 0.782324
[2026/09/19 09:08:33.933] Running testing sgfs ...
[2026/09/19 09:08:33.945] Successfully loaded 16000 sgfs
[2026/09/19 09:09:00.033] 1600 / 16000
[2026/09/19 09:09:27.131] 3200 / 16000
[2026/09/19 09:09:54.325] 4800 / 16000
[2026/09/19 09:10:21.007] 6400 / 16000
[2026/09/19 09:10:45.627] 8000 / 16000
[2026/09/19 09:11:12.181] 9600 / 16000
[2026/09/19 09:11:38.111] 11200 / 16000
[2026/09/19 09:12:03.313] 12800 / 16000
[2026/09/19 09:12:28.601] 14400 / 16000
[2026/09/19 09:12:58.503] Summarizing ranks ...
[2026/09/19 09:12:58.503] Predicting rank 0 ... 
[2026/09/19 09:12:58.952] Predicting rank 1 ... 
[2026/09/19 09:12:59.426] Predicting rank 2 ... 
[2026/09/19 09:12:59.882] Predicting rank 3 ... 
[2026/09/19 09:13:00.345] Predicting rank 4 ... 
[2026/09/19 09:13:00.821] Predicting rank 5 ... 
[2026/09/19 09:13:01.299] Predicting rank 6 ... 
[2026/09/19 09:13:01.789] Predicting rank 7 ... 
[2026/09/19 09:13:02.293] Summarizing accuracy ... 
	0	1	2	3	4	5	6	7	all
1	0.6	0.136	0.124	0.138	0.172	0.156	0.06	0.548	0.24175
2	0.63	0.188	0.192	0.176	0.236	0.18	0.098	0.548	0.281
3	0.676	0.22	0.236	0.238	0.308	0.216	0.104	0.484	0.31025
4	0.692	0.264	0.23	0.266	0.352	0.254	0.118	0.502	0.33475
5	0.7	0.286	0.274	0.3	0.348	0.318	0.166	0.55	0.36775
6	0.708	0.306	0.316	0.326	0.37	0.386	0.188	0.546	0.39325
7	0.718	0.342	0.32	0.34	0.452	0.352	0.15	0.562	0.4045
8	0.738	0.376	0.348	0.36	0.448	0.404	0.198	0.552	0.428
9	0.748	0.384	0.376	0.366	0.432	0.384	0.216	0.584	0.43625
10	0.742	0.392	0.384	0.42	0.554	0.436	0.234	0.582	0.468
11	0.75	0.408	0.392	0.424	0.49	0.456	0.198	0.578	0.462
12	0.792	0.412	0.388	0.4	0.528	0.462	0.244	0.552	0.47225
13	0.776	0.386	0.442	0.446	0.494	0.458	0.25	0.54	0.474
14	0.794	0.442	0.45	0.474	0.586	0.546	0.236	0.618	0.51825
15	0.81	0.466	0.424	0.484	0.564	0.518	0.294	0.588	0.5185
16	0.836	0.446	0.442	0.508	0.612	0.522	0.266	0.6	0.529
17	0.848	0.482	0.504	0.51	0.578	0.578	0.31	0.584	0.54925
18	0.816	0.45	0.47	0.524	0.602	0.56	0.296	0.6	0.53975
19	0.83	0.49	0.442	0.514	0.65	0.592	0.316	0.572	0.55075
20	0.842	0.536	0.476	0.548	0.638	0.57	0.288	0.6	0.56225
21	0.838	0.502	0.52	0.544	0.69	0.594	0.26	0.63	0.57225
22	0.852	0.524	0.532	0.57	0.658	0.618	0.35	0.574	0.58475
23	0.868	0.55	0.544	0.57	0.65	0.62	0.296	0.604	0.58775
24	0.852	0.564	0.516	0.584	0.682	0.594	0.354	0.618	0.5955
25	0.85	0.544	0.558	0.584	0.702	0.63	0.314	0.638	0.6025
26	0.854	0.544	0.576	0.636	0.746	0.63	0.36	0.606	0.619
27	0.876	0.56	0.55	0.616	0.714	0.656	0.344	0.59	0.61325
28	0.848	0.556	0.57	0.61	0.748	0.666	0.404	0.62	0.62775
29	0.858	0.586	0.568	0.618	0.704	0.688	0.334	0.598	0.61925
30	0.888	0.556	0.604	0.634	0.722	0.67	0.356	0.652	0.63525
31	0.874	0.596	0.6	0.656	0.76	0.694	0.384	0.6	0.6455
32	0.89	0.594	0.598	0.634	0.776	0.698	0.346	0.616	0.644
33	0.922	0.594	0.592	0.666	0.762	0.704	0.42	0.618	0.65975
34	0.872	0.572	0.606	0.648	0.788	0.65	0.412	0.64	0.6485
35	0.9	0.62	0.646	0.672	0.758	0.712	0.408	0.66	0.672
36	0.874	0.602	0.642	0.68	0.782	0.7	0.4	0.632	0.664
37	0.886	0.658	0.594	0.67	0.778	0.718	0.388	0.628	0.665
38	0.918	0.598	0.638	0.698	0.806	0.734	0.406	0.646	0.6805
39	0.918	0.614	0.644	0.694	0.794	0.72	0.408	0.606	0.67475
40	0.912	0.628	0.666	0.684	0.784	0.766	0.406	0.638	0.6855
41	0.906	0.612	0.646	0.704	0.846	0.73	0.398	0.632	0.68425
42	0.908	0.65	0.67	0.688	0.81	0.752	0.434	0.652	0.6955
43	0.914	0.66	0.676	0.696	0.798	0.766	0.426	0.662	0.69975
44	0.934	0.696	0.652	0.744	0.814	0.776	0.44	0.642	0.71225
45	0.95	0.63	0.648	0.732	0.812	0.754	0.412	0.622	0.695
46	0.948	0.642	0.654	0.708	0.85	0.786	0.446	0.638	0.709
47	0.936	0.698	0.684	0.71	0.83	0.774	0.438	0.662	0.7165
48	0.936	0.684	0.684	0.74	0.826	0.782	0.438	0.642	0.7165
49	0.948	0.652	0.648	0.74	0.842	0.8	0.446	0.66	0.717
50	0.928	0.682	0.662	0.732	0.862	0.776	0.492	0.65	0.723
51	0.936	0.662	0.69	0.796	0.82	0.806	0.464	0.634	0.726
52	0.936	0.668	0.712	0.744	0.858	0.792	0.472	0.676	0.73225
53	0.938	0.68	0.71	0.786	0.854	0.82	0.496	0.664	0.7435
54	0.938	0.66	0.712	0.79	0.868	0.812	0.472	0.66	0.739
55	0.942	0.698	0.71	0.758	0.882	0.82	0.498	0.69	0.74975
56	0.954	0.728	0.718	0.782	0.902	0.824	0.466	0.648	0.75275
57	0.928	0.716	0.732	0.776	0.862	0.822	0.5	0.664	0.75
58	0.946	0.708	0.748	0.748	0.884	0.836	0.542	0.68	0.7615
59	0.948	0.738	0.734	0.782	0.872	0.822	0.478	0.606	0.7475
60	0.954	0.692	0.742	0.794	0.902	0.84	0.528	0.676	0.766
61	0.966	0.676	0.738	0.806	0.886	0.816	0.51	0.662	0.7575
62	0.952	0.722	0.768	0.786	0.892	0.828	0.484	0.696	0.766
63	0.962	0.686	0.744	0.798	0.91	0.818	0.478	0.66	0.757
64	0.942	0.67	0.716	0.844	0.91	0.86	0.514	0.71	0.77075
65	0.952	0.718	0.746	0.816	0.88	0.832	0.518	0.674	0.767
66	0.966	0.738	0.73	0.808	0.908	0.876	0.524	0.684	0.77925
67	0.958	0.758	0.79	0.786	0.918	0.842	0.518	0.672	0.78025
68	0.97	0.708	0.742	0.804	0.894	0.854	0.53	0.674	0.772
69	0.976	0.71	0.762	0.8	0.886	0.858	0.558	0.684	0.77925
70	0.964	0.736	0.744	0.824	0.902	0.86	0.518	0.684	0.779
71	0.958	0.71	0.774	0.812	0.912	0.862	0.502	0.692	0.77775
72	0.976	0.722	0.754	0.848	0.912	0.888	0.518	0.726	0.793
73	0.964	0.754	0.772	0.866	0.918	0.85	0.524	0.676	0.7905
74	0.968	0.742	0.726	0.83	0.918	0.85	0.536	0.712	0.78525
75	0.972	0.748	0.796	0.842	0.956	0.862	0.568	0.634	0.79725
76	0.97	0.74	0.774	0.82	0.926	0.902	0.526	0.684	0.79275
77	0.98	0.728	0.774	0.826	0.906	0.886	0.59	0.672	0.79525
78	0.976	0.778	0.798	0.822	0.922	0.892	0.566	0.722	0.8095
79	0.98	0.758	0.792	0.848	0.934	0.908	0.566	0.68	0.80825
80	0.962	0.746	0.83	0.854	0.924	0.898	0.534	0.718	0.80825
81	0.968	0.724	0.79	0.856	0.91	0.886	0.558	0.686	0.79725
82	0.99	0.754	0.808	0.862	0.924	0.894	0.556	0.698	0.81075
83	0.98	0.732	0.798	0.834	0.932	0.896	0.578	0.654	0.8005
84	0.974	0.744	0.806	0.864	0.932	0.908	0.556	0.69	0.80925
85	0.978	0.74	0.804	0.878	0.946	0.882	0.54	0.702	0.80875
86	0.974	0.772	0.804	0.862	0.958	0.888	0.556	0.706	0.815
87	0.966	0.782	0.776	0.868	0.944	0.922	0.57	0.704	0.8165
88	0.98	0.756	0.768	0.864	0.946	0.904	0.578	0.734	0.81625
89	0.972	0.746	0.794	0.842	0.946	0.906	0.556	0.712	0.80925
90	0.974	0.784	0.812	0.902	0.936	0.926	0.568	0.702	0.8255
91	0.976	0.734	0.812	0.842	0.944	0.904	0.598	0.71	0.815
92	0.99	0.788	0.808	0.888	0.934	0.932	0.62	0.694	0.83175
93	0.98	0.772	0.802	0.882	0.946	0.918	0.584	0.718	0.82525
94	0.976	0.768	0.812	0.878	0.954	0.908	0.572	0.688	0.8195
95	0.974	0.744	0.814	0.886	0.958	0.92	0.56	0.708	0.8205
96	0.984	0.774	0.814	0.854	0.95	0.928	0.598	0.74	0.83025
97	0.984	0.73	0.83	0.894	0.944	0.898	0.612	0.754	0.83075
98	0.982	0.804	0.806	0.894	0.956	0.916	0.612	0.748	0.83975
99	0.98	0.77	0.814	0.876	0.97	0.926	0.612	0.714	0.83275
100	0.986	0.77	0.826	0.874	0.952	0.94	0.57	0.704	0.82775
